<?xml version="1.0" encoding="utf-16"?>
<StackPanel xmlns:c="clr-namespace:ColorTextBlock.Avalonia;assembly=ColorTextBlock.Avalonia" xmlns:m="clr-namespace:Markdown.Avalonia.Controls;assembly=Markdown.Avalonia" xmlns:x="http://schemas.microsoft.com/winfx/2006/xaml" xmlns="https://github.com/avaloniaui">
  <c:CTextBlock Classes="Paragraph">
    <c:CRun Text="Dashes:" />
  </c:CTextBlock>
  <m:Rule BoldLineWidth="2" Classes="Single" />
  <m:Rule BoldLineWidth="2" Classes="Single" />
  <m:Rule BoldLineWidth="2" Classes="Single" />
  <m:Rule BoldLineWidth="2" Classes="Single" />
  <Border Classes="CodeBlock" xmlns="">
    <Border.Child>
      <ScrollViewer Classes="CodeBlock">
        <ScrollViewer.Content>
          <TextBlock Text="---" Classes="CodeBlock" />
        </ScrollViewer.Content>
      </ScrollViewer>
    </Border.Child>
  </Border>
  <m:Rule BoldLineWidth="2" Classes="Single" />
  <m:Rule BoldLineWidth="2" Classes="Single" />
  <m:Rule BoldLineWidth="2" Classes="Single" />
  <m:Rule BoldLineWidth="2" Classes="Single" />
  <Border Classes="CodeBlock" xmlns="">
    <Border.Child>
      <ScrollViewer Classes="CodeBlock">
        <ScrollViewer.Content>
          <TextBlock Text="- - -" Classes="CodeBlock" />
        </ScrollViewer.Content>
      </ScrollViewer>
    </Border.Child>
  </Border>
  <c:CTextBlock Classes="Paragraph">
    <c:CRun Text="Asterisks:" />
  </c:CTextBlock>
  <m:Rule BoldLineWidth="2" Classes="Bold" />
  <m:Rule BoldLineWidth="2" Classes="Bold" />
  <m:Rule BoldLineWidth="2" Classes="Bold" />
  <m:Rule BoldLineWidth="2" Classes="Bold" />
  <Border Classes="CodeBlock" xmlns="">
    <Border.Child>
      <ScrollViewer Classes="CodeBlock">
        <ScrollViewer.Content>
          <TextBlock Text="***" Classes="CodeBlock" />
        </ScrollViewer.Content>
      </ScrollViewer>
    </Border.Child>
  </Border>
  <m:Rule BoldLineWidth="2" Classes="Bold" />
  <m:Rule BoldLineWidth="2" Classes="Bold" />
  <m:Rule BoldLineWidth="2" Classes="Bold" />
  <m:Rule BoldLineWidth="2" Classes="Bold" />
  <Border Classes="CodeBlock" xmlns="">
    <Border.Child>
      <ScrollViewer Classes="CodeBlock">
        <ScrollViewer.Content>
          <TextBlock Text="* * *" Classes="CodeBlock" />
        </ScrollViewer.Content>
      </ScrollViewer>
    </Border.Child>
  </Border>
  <c:CTextBlock Classes="Paragraph">
    <c:CRun Text="Underscores:" />
  </c:CTextBlock>
  <m:Rule BoldLineWidth="2" Classes="BoldWithSingle" />
  <m:Rule BoldLineWidth="2" Classes="BoldWithSingle" />
  <m:Rule BoldLineWidth="2" Classes="BoldWithSingle" />
  <m:Rule BoldLineWidth="2" Classes="BoldWithSingle" />
  <Border Classes="CodeBlock" xmlns="">
    <Border.Child>
      <ScrollViewer Classes="CodeBlock">
        <ScrollViewer.Content>
          <TextBlock Text="___" Classes="CodeBlock" />
        </ScrollViewer.Content>
      </ScrollViewer>
    </Border.Child>
  </Border>
  <m:Rule BoldLineWidth="2" Classes="BoldWithSingle" />
  <m:Rule BoldLineWidth="2" Classes="BoldWithSingle" />
  <m:Rule BoldLineWidth="2" Classes="BoldWithSingle" />
  <m:Rule BoldLineWidth="2" Classes="BoldWithSingle" />
  <Border Classes="CodeBlock" xmlns="">
    <Border.Child>
      <ScrollViewer Classes="CodeBlock">
        <ScrollViewer.Content>
          <TextBlock Text="_ _ _" Classes="CodeBlock" />
        </ScrollViewer.Content>
      </ScrollViewer>
    </Border.Child>
  </Border>
</StackPanel>
