<?xml version="1.0" encoding="utf-16"?>
<StackPanel xmlns:c="clr-namespace:ColorTextBlock.Avalonia;assembly=ColorTextBlock.Avalonia" xmlns:x="http://schemas.microsoft.com/winfx/2006/xaml" xmlns="https://github.com/avaloniaui">
  <c:CTextBlock Classes="Heading1">
    <c:CRun Text="Header 1" />
  </c:CTextBlock>
  <c:CTextBlock Classes="Paragraph">
    <c:CRun Text="Lorem ipsum dolor sit amet, consectetur adipiscing elit. Duis orci erat, hendrerit et interdum at, feugiat non diam. Vestibulum id odio non elit consectetur faucibus quis a urna. " />
  </c:CTextBlock>
  <c:CTextBlock Classes="Heading2">
    <c:CRun Text="Header 2" />
  </c:CTextBlock>
  <c:CTextBlock Classes="Paragraph">
    <c:CRun Text="Lorem ipsum dolor sit amet, consectetur adipiscing elit. Duis orci erat, hendrerit et interdum at, feugiat non diam. Vestibulum id odio non elit consectetur faucibus quis a urna. " />
  </c:CTextBlock>
  <c:CTextBlock Classes="Heading1">
    <c:CRun Text="Header Level 1" />
  </c:CTextBlock>
  <c:CTextBlock Classes="Paragraph">
    <c:CRun Text="Lorem ipsum dolor sit amet, consectetur adipiscing elit. Duis orci erat, hendrerit et interdum at, feugiat non diam. Vestibulum id odio non elit consectetur faucibus quis a urna. " />
  </c:CTextBlock>
  <c:CTextBlock Classes="Heading2">
    <c:CRun Text="Header Level 2" />
  </c:CTextBlock>
  <c:CTextBlock Classes="Paragraph">
    <c:CRun Text="Lorem ipsum dolor sit amet, consectetur adipiscing elit. Duis orci erat, hendrerit et interdum at, feugiat non diam. Vestibulum id odio non elit consectetur faucibus quis a urna. " />
  </c:CTextBlock>
  <c:CTextBlock Classes="Heading3">
    <c:CRun Text="Header Level 3" />
  </c:CTextBlock>
  <c:CTextBlock Classes="Paragraph">
    <c:CRun Text="Lorem ipsum dolor sit amet, consectetur adipiscing elit. Duis orci erat, hendrerit et interdum at, feugiat non diam. Vestibulum id odio non elit consectetur faucibus quis a urna. " />
  </c:CTextBlock>
  <c:CTextBlock Classes="Heading4">
    <c:CRun Text="Header Level 4" />
  </c:CTextBlock>
  <c:CTextBlock Classes="Paragraph">
    <c:CRun Text="Lorem ipsum dolor sit amet, consectetur adipiscing elit. Duis orci erat, hendrerit et interdum at, feugiat non diam. Vestibulum id odio non elit consectetur faucibus quis a urna. " />
  </c:CTextBlock>
</StackPanel>
