<?xml version="1.0" encoding="utf-16"?>
<StackPanel xmlns:c="clr-namespace:ColorTextBlock.Avalonia;assembly=ColorTextBlock.Avalonia" xmlns:x="http://schemas.microsoft.com/winfx/2006/xaml" xmlns="https://github.com/avaloniaui">
  <c:CTextBlock Classes="Paragraph">
    <c:CRun Text="😄" />
  </c:CTextBlock>
  <c:CTextBlock Classes="Paragraph">
    <c:CRun Text="smile😠😄" />
  </c:CTextBlock>
  <c:CTextBlock Classes="Paragraph">
    <c:CRun Text=":angry:" />
  </c:CTextBlock>
  <c:CTextBlock Classes="Paragraph">
    <c:CRun Text=":unknown_missing_symbols:" />
  </c:CTextBlock>
  <c:CTextBlock Classes="Paragraph">
    <c:CRun Text=":lackoftxt" />
  </c:CTextBlock>
</StackPanel>
