<?xml version="1.0" encoding="utf-16"?>
<StackPanel xmlns:c="clr-namespace:ColorTextBlock.Avalonia;assembly=ColorTextBlock.Avalonia" xmlns:x="http://schemas.microsoft.com/winfx/2006/xaml" xmlns="https://github.com/avaloniaui">
  <Border Classes="Blockquote" xmlns="">
    <Border.Child>
      <StackPanel Classes="Blockquote">
        <c:CTextBlock Classes="Heading2">
          <c:CRun Text="Features" />
        </c:CTextBlock>
        <c:CTextBlock Classes="Paragraph">
          <c:CRun Text="MarkDown.Xaml has a number of convenient features" />
        </c:CTextBlock>
        <Grid Classes="List">
          <c:CTextBlock Classes="ListMarker" Grid.Column="0" Grid.Row="0">
            <c:CRun Text="•" />
          </c:CTextBlock>
          <StackPanel Grid.Column="1" Grid.Row="0">
            <c:CTextBlock Classes="Paragraph">
              <c:CRun Text="The engine itself is a single file, for easy inclusion in your own projects" />
            </c:CTextBlock>
          </StackPanel>
          <c:CTextBlock Classes="ListMarker" Grid.Column="0" Grid.Row="1">
            <c:CRun Text="•" />
          </c:CTextBlock>
          <StackPanel Grid.Column="1" Grid.Row="1">
            <c:CTextBlock Classes="Paragraph">
              <c:CRun Text="Code for the engine is structured in the same manner as the original MarkdownSharp " />
            </c:CTextBlock>
          </StackPanel>
          <c:CTextBlock Classes="ListMarker" Grid.Column="0" Grid.Row="2">
            <c:CRun Text="•" />
          </c:CTextBlock>
          <StackPanel Grid.Column="1" Grid.Row="2">
            <c:CTextBlock Classes="Paragraph">
              <c:CRun Text="Includes a " />
              <c:CCode>
                <c:CRun Text="TextToFlowDocumentConverter" />
              </c:CCode>
              <c:CRun Text=" to make it easy to bind Markdown text" />
            </c:CTextBlock>
          </StackPanel>
          <Grid.ColumnDefinitions>
            <ColumnDefinition />
            <ColumnDefinition />
          </Grid.ColumnDefinitions>
          <Grid.RowDefinitions>
            <RowDefinition />
            <RowDefinition />
            <RowDefinition />
          </Grid.RowDefinitions>
        </Grid>
      </StackPanel>
    </Border.Child>
  </Border>
  <Border Classes="Blockquote" xmlns="">
    <Border.Child>
      <StackPanel Classes="Blockquote">
        <c:CTextBlock Classes="Heading2">
          <c:CRun Text="Features" />
        </c:CTextBlock>
        <c:CTextBlock Classes="Paragraph">
          <c:CRun Text="MarkDown.Xaml has a number of convenient features" />
        </c:CTextBlock>
        <Grid Classes="List">
          <c:CTextBlock Classes="ListMarker" Grid.Column="0" Grid.Row="0">
            <c:CRun Text="•" />
          </c:CTextBlock>
          <StackPanel Grid.Column="1" Grid.Row="0">
            <c:CTextBlock Classes="Paragraph">
              <c:CRun Text="The engine itself is a single file, for easy inclusion in your own projects" />
            </c:CTextBlock>
          </StackPanel>
          <c:CTextBlock Classes="ListMarker" Grid.Column="0" Grid.Row="1">
            <c:CRun Text="•" />
          </c:CTextBlock>
          <StackPanel Grid.Column="1" Grid.Row="1">
            <c:CTextBlock Classes="Paragraph">
              <c:CRun Text="Code for the engine is structured in the same manner as the original MarkdownSharp " />
            </c:CTextBlock>
          </StackPanel>
          <c:CTextBlock Classes="ListMarker" Grid.Column="0" Grid.Row="2">
            <c:CRun Text="•" />
          </c:CTextBlock>
          <StackPanel Grid.Column="1" Grid.Row="2">
            <c:CTextBlock Classes="Paragraph">
              <c:CRun Text="Includes a " />
              <c:CCode>
                <c:CRun Text="TextToFlowDocumentConverter" />
              </c:CCode>
              <c:CRun Text=" to make it easy to bind Markdown text" />
            </c:CTextBlock>
          </StackPanel>
          <Grid.ColumnDefinitions>
            <ColumnDefinition />
            <ColumnDefinition />
          </Grid.ColumnDefinitions>
          <Grid.RowDefinitions>
            <RowDefinition />
            <RowDefinition />
            <RowDefinition />
          </Grid.RowDefinitions>
        </Grid>
      </StackPanel>
    </Border.Child>
  </Border>
</StackPanel>
