<?xml version="1.0" encoding="utf-16"?>
<StackPanel xmlns:c="clr-namespace:ColorTextBlock.Avalonia;assembly=ColorTextBlock.Avalonia" xmlns:x="http://schemas.microsoft.com/winfx/2006/xaml" xmlns="https://github.com/avaloniaui">
  <c:CTextBlock Classes="Paragraph">
    <c:CRun Text="A remote " />
    <c:CImage />
    <c:CRun Text="." />
  </c:CTextBlock>
  <c:CTextBlock Classes="Paragraph">
    <c:CRun Text="Images side by side " />
    <c:CImage />
    <c:CImage />
  </c:CTextBlock>
  <c:CTextBlock Classes="Paragraph">
    <c:CImage Classes="cyan" />
  </c:CTextBlock>
  <c:CTextBlock Classes="Paragraph">
    <c:CRun Text="A resource image " />
    <c:CImage />
    <c:CRun Text=". A local image " />
    <c:CImage />
    <c:CRun Text="." />
  </c:CTextBlock>
</StackPanel>
