<?xml version="1.0" encoding="utf-16"?>
<StackPanel xmlns:c="clr-namespace:ColorTextBlock.Avalonia;assembly=ColorTextBlock.Avalonia" xmlns:m="clr-namespace:Markdown.Avalonia.Controls;assembly=Markdown.Avalonia" xmlns:x="http://schemas.microsoft.com/winfx/2006/xaml" xmlns="https://github.com/avaloniaui">
  <c:CTextBlock Classes="Paragraph">
    <c:CRun Text="First we have a simple numeric list" />
  </c:CTextBlock>
  <Grid Classes="List" xmlns="">
    <c:CTextBlock Classes="ListMarker" Grid.Column="0" Grid.Row="0">
      <c:CRun Text="1." />
    </c:CTextBlock>
    <StackPanel Grid.Column="1" Grid.Row="0">
      <c:CTextBlock Classes="Paragraph">
        <c:CRun Text="Alpha" />
      </c:CTextBlock>
    </StackPanel>
    <c:CTextBlock Classes="ListMarker" Grid.Column="0" Grid.Row="1">
      <c:CRun Text="2." />
    </c:CTextBlock>
    <StackPanel Grid.Column="1" Grid.Row="1">
      <c:CTextBlock Classes="Paragraph">
        <c:CRun Text="Beta" />
      </c:CTextBlock>
    </StackPanel>
    <c:CTextBlock Classes="ListMarker" Grid.Column="0" Grid.Row="2">
      <c:CRun Text="3." />
    </c:CTextBlock>
    <StackPanel Grid.Column="1" Grid.Row="2">
      <c:CTextBlock Classes="Paragraph">
        <c:CRun Text="Gamma" />
      </c:CTextBlock>
    </StackPanel>
    <c:CTextBlock Classes="ListMarker" Grid.Column="0" Grid.Row="3">
      <c:CRun Text="4." />
    </c:CTextBlock>
    <StackPanel Grid.Column="1" Grid.Row="3">
      <c:CTextBlock Classes="Paragraph">
        <c:CRun Text="Delta" />
      </c:CTextBlock>
    </StackPanel>
    <Grid.ColumnDefinitions>
      <ColumnDefinition />
      <ColumnDefinition />
    </Grid.ColumnDefinitions>
    <Grid.RowDefinitions>
      <RowDefinition />
      <RowDefinition />
      <RowDefinition />
      <RowDefinition />
    </Grid.RowDefinitions>
  </Grid>
  <c:CTextBlock Classes="Paragraph">
    <c:CRun Text="Then we have a simple unordered list" />
  </c:CTextBlock>
  <Grid Classes="List" xmlns="">
    <c:CTextBlock Classes="ListMarker" Grid.Column="0" Grid.Row="0">
      <c:CRun Text="•" />
    </c:CTextBlock>
    <StackPanel Grid.Column="1" Grid.Row="0">
      <c:CTextBlock Classes="Paragraph">
        <c:CRun Text="Han" />
      </c:CTextBlock>
    </StackPanel>
    <c:CTextBlock Classes="ListMarker" Grid.Column="0" Grid.Row="1">
      <c:CRun Text="•" />
    </c:CTextBlock>
    <StackPanel Grid.Column="1" Grid.Row="1">
      <c:CTextBlock Classes="Paragraph">
        <c:CRun Text="Leia" />
      </c:CTextBlock>
    </StackPanel>
    <c:CTextBlock Classes="ListMarker" Grid.Column="0" Grid.Row="2">
      <c:CRun Text="•" />
    </c:CTextBlock>
    <StackPanel Grid.Column="1" Grid.Row="2">
      <c:CTextBlock Classes="Paragraph">
        <c:CRun Text="Luke" />
      </c:CTextBlock>
    </StackPanel>
    <c:CTextBlock Classes="ListMarker" Grid.Column="0" Grid.Row="3">
      <c:CRun Text="•" />
    </c:CTextBlock>
    <StackPanel Grid.Column="1" Grid.Row="3">
      <c:CTextBlock Classes="Paragraph">
        <c:CRun Text="Obiwan" />
      </c:CTextBlock>
    </StackPanel>
    <Grid.ColumnDefinitions>
      <ColumnDefinition />
      <ColumnDefinition />
    </Grid.ColumnDefinitions>
    <Grid.RowDefinitions>
      <RowDefinition />
      <RowDefinition />
      <RowDefinition />
      <RowDefinition />
    </Grid.RowDefinitions>
  </Grid>
  <c:CTextBlock Classes="Heading2">
    <c:CRun Text="Unordered" />
  </c:CTextBlock>
  <c:CTextBlock Classes="Paragraph">
    <c:CRun Text="Asterisks tight:" />
  </c:CTextBlock>
  <Grid Classes="List" xmlns="">
    <c:CTextBlock Classes="ListMarker" Grid.Column="0" Grid.Row="0">
      <c:CRun Text="•" />
    </c:CTextBlock>
    <StackPanel Grid.Column="1" Grid.Row="0">
      <c:CTextBlock Classes="Paragraph">
        <c:CRun Text="asterisk 1" />
      </c:CTextBlock>
    </StackPanel>
    <c:CTextBlock Classes="ListMarker" Grid.Column="0" Grid.Row="1">
      <c:CRun Text="•" />
    </c:CTextBlock>
    <StackPanel Grid.Column="1" Grid.Row="1">
      <c:CTextBlock Classes="Paragraph">
        <c:CRun Text="asterisk 2" />
      </c:CTextBlock>
    </StackPanel>
    <c:CTextBlock Classes="ListMarker" Grid.Column="0" Grid.Row="2">
      <c:CRun Text="•" />
    </c:CTextBlock>
    <StackPanel Grid.Column="1" Grid.Row="2">
      <c:CTextBlock Classes="Paragraph">
        <c:CRun Text="asterisk 3" />
      </c:CTextBlock>
    </StackPanel>
    <Grid.ColumnDefinitions>
      <ColumnDefinition />
      <ColumnDefinition />
    </Grid.ColumnDefinitions>
    <Grid.RowDefinitions>
      <RowDefinition />
      <RowDefinition />
      <RowDefinition />
    </Grid.RowDefinitions>
  </Grid>
  <c:CTextBlock Classes="Paragraph">
    <c:CRun Text="Asterisks loose:" />
  </c:CTextBlock>
  <Grid Classes="List" xmlns="">
    <c:CTextBlock Classes="ListMarker" Grid.Column="0" Grid.Row="0">
      <c:CRun Text="•" />
    </c:CTextBlock>
    <StackPanel Grid.Column="1" Grid.Row="0">
      <c:CTextBlock Classes="Paragraph">
        <c:CRun Text="asterisk 1" />
      </c:CTextBlock>
    </StackPanel>
    <c:CTextBlock Classes="ListMarker" Grid.Column="0" Grid.Row="1">
      <c:CRun Text="•" />
    </c:CTextBlock>
    <StackPanel Grid.Column="1" Grid.Row="1">
      <c:CTextBlock Classes="Paragraph">
        <c:CRun Text="asterisk 2" />
      </c:CTextBlock>
    </StackPanel>
    <c:CTextBlock Classes="ListMarker" Grid.Column="0" Grid.Row="2">
      <c:CRun Text="•" />
    </c:CTextBlock>
    <StackPanel Grid.Column="1" Grid.Row="2">
      <c:CTextBlock Classes="Paragraph">
        <c:CRun Text="asterisk 3" />
      </c:CTextBlock>
    </StackPanel>
    <Grid.ColumnDefinitions>
      <ColumnDefinition />
      <ColumnDefinition />
    </Grid.ColumnDefinitions>
    <Grid.RowDefinitions>
      <RowDefinition />
      <RowDefinition />
      <RowDefinition />
    </Grid.RowDefinitions>
  </Grid>
  <m:Rule BoldLineWidth="2" Classes="Bold" />
  <c:CTextBlock Classes="Paragraph">
    <c:CRun Text="Pluses tight:" />
  </c:CTextBlock>
  <Grid Classes="List" xmlns="">
    <c:CTextBlock Classes="ListMarker" Grid.Column="0" Grid.Row="0">
      <c:CRun Text="▪" />
    </c:CTextBlock>
    <StackPanel Grid.Column="1" Grid.Row="0">
      <c:CTextBlock Classes="Paragraph">
        <c:CRun Text="Plus 1" />
      </c:CTextBlock>
    </StackPanel>
    <c:CTextBlock Classes="ListMarker" Grid.Column="0" Grid.Row="1">
      <c:CRun Text="▪" />
    </c:CTextBlock>
    <StackPanel Grid.Column="1" Grid.Row="1">
      <c:CTextBlock Classes="Paragraph">
        <c:CRun Text="Plus 2" />
      </c:CTextBlock>
    </StackPanel>
    <c:CTextBlock Classes="ListMarker" Grid.Column="0" Grid.Row="2">
      <c:CRun Text="▪" />
    </c:CTextBlock>
    <StackPanel Grid.Column="1" Grid.Row="2">
      <c:CTextBlock Classes="Paragraph">
        <c:CRun Text="Plus 3" />
      </c:CTextBlock>
    </StackPanel>
    <Grid.ColumnDefinitions>
      <ColumnDefinition />
      <ColumnDefinition />
    </Grid.ColumnDefinitions>
    <Grid.RowDefinitions>
      <RowDefinition />
      <RowDefinition />
      <RowDefinition />
    </Grid.RowDefinitions>
  </Grid>
  <c:CTextBlock Classes="Paragraph">
    <c:CRun Text="Pluses loose:" />
  </c:CTextBlock>
  <Grid Classes="List" xmlns="">
    <c:CTextBlock Classes="ListMarker" Grid.Column="0" Grid.Row="0">
      <c:CRun Text="▪" />
    </c:CTextBlock>
    <StackPanel Grid.Column="1" Grid.Row="0">
      <c:CTextBlock Classes="Paragraph">
        <c:CRun Text="Plus 1" />
      </c:CTextBlock>
    </StackPanel>
    <c:CTextBlock Classes="ListMarker" Grid.Column="0" Grid.Row="1">
      <c:CRun Text="▪" />
    </c:CTextBlock>
    <StackPanel Grid.Column="1" Grid.Row="1">
      <c:CTextBlock Classes="Paragraph">
        <c:CRun Text="Plus 2" />
      </c:CTextBlock>
    </StackPanel>
    <c:CTextBlock Classes="ListMarker" Grid.Column="0" Grid.Row="2">
      <c:CRun Text="▪" />
    </c:CTextBlock>
    <StackPanel Grid.Column="1" Grid.Row="2">
      <c:CTextBlock Classes="Paragraph">
        <c:CRun Text="Plus 3" />
      </c:CTextBlock>
    </StackPanel>
    <Grid.ColumnDefinitions>
      <ColumnDefinition />
      <ColumnDefinition />
    </Grid.ColumnDefinitions>
    <Grid.RowDefinitions>
      <RowDefinition />
      <RowDefinition />
      <RowDefinition />
    </Grid.RowDefinitions>
  </Grid>
  <m:Rule BoldLineWidth="2" Classes="Bold" />
  <c:CTextBlock Classes="Paragraph">
    <c:CRun Text="Minuses tight:" />
  </c:CTextBlock>
  <Grid Classes="List" xmlns="">
    <c:CTextBlock Classes="ListMarker" Grid.Column="0" Grid.Row="0">
      <c:CRun Text="○" />
    </c:CTextBlock>
    <StackPanel Grid.Column="1" Grid.Row="0">
      <c:CTextBlock Classes="Paragraph">
        <c:CRun Text="Minus 1" />
      </c:CTextBlock>
    </StackPanel>
    <c:CTextBlock Classes="ListMarker" Grid.Column="0" Grid.Row="1">
      <c:CRun Text="○" />
    </c:CTextBlock>
    <StackPanel Grid.Column="1" Grid.Row="1">
      <c:CTextBlock Classes="Paragraph">
        <c:CRun Text="Minus 2" />
      </c:CTextBlock>
    </StackPanel>
    <c:CTextBlock Classes="ListMarker" Grid.Column="0" Grid.Row="2">
      <c:CRun Text="○" />
    </c:CTextBlock>
    <StackPanel Grid.Column="1" Grid.Row="2">
      <c:CTextBlock Classes="Paragraph">
        <c:CRun Text="Minus 3" />
      </c:CTextBlock>
    </StackPanel>
    <Grid.ColumnDefinitions>
      <ColumnDefinition />
      <ColumnDefinition />
    </Grid.ColumnDefinitions>
    <Grid.RowDefinitions>
      <RowDefinition />
      <RowDefinition />
      <RowDefinition />
    </Grid.RowDefinitions>
  </Grid>
  <c:CTextBlock Classes="Paragraph">
    <c:CRun Text="Minuses loose:" />
  </c:CTextBlock>
  <Grid Classes="List" xmlns="">
    <c:CTextBlock Classes="ListMarker" Grid.Column="0" Grid.Row="0">
      <c:CRun Text="○" />
    </c:CTextBlock>
    <StackPanel Grid.Column="1" Grid.Row="0">
      <c:CTextBlock Classes="Paragraph">
        <c:CRun Text="Minus 1" />
      </c:CTextBlock>
    </StackPanel>
    <c:CTextBlock Classes="ListMarker" Grid.Column="0" Grid.Row="1">
      <c:CRun Text="○" />
    </c:CTextBlock>
    <StackPanel Grid.Column="1" Grid.Row="1">
      <c:CTextBlock Classes="Paragraph">
        <c:CRun Text="Minus 2" />
      </c:CTextBlock>
    </StackPanel>
    <c:CTextBlock Classes="ListMarker" Grid.Column="0" Grid.Row="2">
      <c:CRun Text="○" />
    </c:CTextBlock>
    <StackPanel Grid.Column="1" Grid.Row="2">
      <c:CTextBlock Classes="Paragraph">
        <c:CRun Text="Minus 3" />
      </c:CTextBlock>
    </StackPanel>
    <Grid.ColumnDefinitions>
      <ColumnDefinition />
      <ColumnDefinition />
    </Grid.ColumnDefinitions>
    <Grid.RowDefinitions>
      <RowDefinition />
      <RowDefinition />
      <RowDefinition />
    </Grid.RowDefinitions>
  </Grid>
  <c:CTextBlock Classes="Heading2">
    <c:CRun Text="Ordered" />
  </c:CTextBlock>
  <c:CTextBlock Classes="Paragraph">
    <c:CRun Text="Tight:" />
  </c:CTextBlock>
  <Grid Classes="List" xmlns="">
    <c:CTextBlock Classes="ListMarker" Grid.Column="0" Grid.Row="0">
      <c:CRun Text="1." />
    </c:CTextBlock>
    <StackPanel Grid.Column="1" Grid.Row="0">
      <c:CTextBlock Classes="Paragraph">
        <c:CRun Text="First" />
      </c:CTextBlock>
    </StackPanel>
    <c:CTextBlock Classes="ListMarker" Grid.Column="0" Grid.Row="1">
      <c:CRun Text="2." />
    </c:CTextBlock>
    <StackPanel Grid.Column="1" Grid.Row="1">
      <c:CTextBlock Classes="Paragraph">
        <c:CRun Text="Second" />
      </c:CTextBlock>
    </StackPanel>
    <c:CTextBlock Classes="ListMarker" Grid.Column="0" Grid.Row="2">
      <c:CRun Text="3." />
    </c:CTextBlock>
    <StackPanel Grid.Column="1" Grid.Row="2">
      <c:CTextBlock Classes="Paragraph">
        <c:CRun Text="Third" />
      </c:CTextBlock>
    </StackPanel>
    <Grid.ColumnDefinitions>
      <ColumnDefinition />
      <ColumnDefinition />
    </Grid.ColumnDefinitions>
    <Grid.RowDefinitions>
      <RowDefinition />
      <RowDefinition />
      <RowDefinition />
    </Grid.RowDefinitions>
  </Grid>
  <c:CTextBlock Classes="Paragraph">
    <c:CRun Text="and:" />
  </c:CTextBlock>
  <Grid Classes="List" xmlns="">
    <c:CTextBlock Classes="ListMarker" Grid.Column="0" Grid.Row="0">
      <c:CRun Text="1." />
    </c:CTextBlock>
    <StackPanel Grid.Column="1" Grid.Row="0">
      <c:CTextBlock Classes="Paragraph">
        <c:CRun Text="One" />
      </c:CTextBlock>
    </StackPanel>
    <c:CTextBlock Classes="ListMarker" Grid.Column="0" Grid.Row="1">
      <c:CRun Text="2." />
    </c:CTextBlock>
    <StackPanel Grid.Column="1" Grid.Row="1">
      <c:CTextBlock Classes="Paragraph">
        <c:CRun Text="Two" />
      </c:CTextBlock>
    </StackPanel>
    <c:CTextBlock Classes="ListMarker" Grid.Column="0" Grid.Row="2">
      <c:CRun Text="3." />
    </c:CTextBlock>
    <StackPanel Grid.Column="1" Grid.Row="2">
      <c:CTextBlock Classes="Paragraph">
        <c:CRun Text="Three" />
      </c:CTextBlock>
    </StackPanel>
    <Grid.ColumnDefinitions>
      <ColumnDefinition />
      <ColumnDefinition />
    </Grid.ColumnDefinitions>
    <Grid.RowDefinitions>
      <RowDefinition />
      <RowDefinition />
      <RowDefinition />
    </Grid.RowDefinitions>
  </Grid>
  <c:CTextBlock Classes="Paragraph">
    <c:CRun Text="Loose using tabs:" />
  </c:CTextBlock>
  <Grid Classes="List" xmlns="">
    <c:CTextBlock Classes="ListMarker" Grid.Column="0" Grid.Row="0">
      <c:CRun Text="1." />
    </c:CTextBlock>
    <StackPanel Grid.Column="1" Grid.Row="0">
      <c:CTextBlock Classes="Paragraph">
        <c:CRun Text="First" />
      </c:CTextBlock>
    </StackPanel>
    <c:CTextBlock Classes="ListMarker" Grid.Column="0" Grid.Row="1">
      <c:CRun Text="2." />
    </c:CTextBlock>
    <StackPanel Grid.Column="1" Grid.Row="1">
      <c:CTextBlock Classes="Paragraph">
        <c:CRun Text="Second" />
      </c:CTextBlock>
    </StackPanel>
    <c:CTextBlock Classes="ListMarker" Grid.Column="0" Grid.Row="2">
      <c:CRun Text="3." />
    </c:CTextBlock>
    <StackPanel Grid.Column="1" Grid.Row="2">
      <c:CTextBlock Classes="Paragraph">
        <c:CRun Text="Third" />
      </c:CTextBlock>
    </StackPanel>
    <Grid.ColumnDefinitions>
      <ColumnDefinition />
      <ColumnDefinition />
    </Grid.ColumnDefinitions>
    <Grid.RowDefinitions>
      <RowDefinition />
      <RowDefinition />
      <RowDefinition />
    </Grid.RowDefinitions>
  </Grid>
  <c:CTextBlock Classes="Paragraph">
    <c:CRun Text="and using spaces:" />
  </c:CTextBlock>
  <Grid Classes="List" xmlns="">
    <c:CTextBlock Classes="ListMarker" Grid.Column="0" Grid.Row="0">
      <c:CRun Text="1." />
    </c:CTextBlock>
    <StackPanel Grid.Column="1" Grid.Row="0">
      <c:CTextBlock Classes="Paragraph">
        <c:CRun Text="One" />
      </c:CTextBlock>
    </StackPanel>
    <c:CTextBlock Classes="ListMarker" Grid.Column="0" Grid.Row="1">
      <c:CRun Text="2." />
    </c:CTextBlock>
    <StackPanel Grid.Column="1" Grid.Row="1">
      <c:CTextBlock Classes="Paragraph">
        <c:CRun Text="Two" />
      </c:CTextBlock>
    </StackPanel>
    <c:CTextBlock Classes="ListMarker" Grid.Column="0" Grid.Row="2">
      <c:CRun Text="3." />
    </c:CTextBlock>
    <StackPanel Grid.Column="1" Grid.Row="2">
      <c:CTextBlock Classes="Paragraph">
        <c:CRun Text="Three" />
      </c:CTextBlock>
    </StackPanel>
    <Grid.ColumnDefinitions>
      <ColumnDefinition />
      <ColumnDefinition />
    </Grid.ColumnDefinitions>
    <Grid.RowDefinitions>
      <RowDefinition />
      <RowDefinition />
      <RowDefinition />
    </Grid.RowDefinitions>
  </Grid>
  <c:CTextBlock Classes="Paragraph">
    <c:CRun Text="Multiple paragraphs:" />
  </c:CTextBlock>
  <Grid Classes="List" xmlns="">
    <c:CTextBlock Classes="ListMarker" Grid.Column="0" Grid.Row="0">
      <c:CRun Text="1." />
    </c:CTextBlock>
    <StackPanel Grid.Column="1" Grid.Row="0">
      <c:CTextBlock Classes="Paragraph">
        <c:CRun Text="Item 1, graf one." />
      </c:CTextBlock>
      <c:CTextBlock Classes="Paragraph">
        <c:CRun Text=" Item 2. graf two. The quick brown fox jumped over the lazy dog's back." />
      </c:CTextBlock>
    </StackPanel>
    <c:CTextBlock Classes="ListMarker" Grid.Column="0" Grid.Row="1">
      <c:CRun Text="2." />
    </c:CTextBlock>
    <StackPanel Grid.Column="1" Grid.Row="1">
      <c:CTextBlock Classes="Paragraph">
        <c:CRun Text="Item 2." />
      </c:CTextBlock>
    </StackPanel>
    <c:CTextBlock Classes="ListMarker" Grid.Column="0" Grid.Row="2">
      <c:CRun Text="3." />
    </c:CTextBlock>
    <StackPanel Grid.Column="1" Grid.Row="2">
      <c:CTextBlock Classes="Paragraph">
        <c:CRun Text="Item 3." />
      </c:CTextBlock>
    </StackPanel>
    <Grid.ColumnDefinitions>
      <ColumnDefinition />
      <ColumnDefinition />
    </Grid.ColumnDefinitions>
    <Grid.RowDefinitions>
      <RowDefinition />
      <RowDefinition />
      <RowDefinition />
    </Grid.RowDefinitions>
  </Grid>
  <c:CTextBlock Classes="Heading2">
    <c:CRun Text="Nested" />
  </c:CTextBlock>
  <Grid Classes="List" xmlns="">
    <c:CTextBlock Classes="ListMarker" Grid.Column="0" Grid.Row="0">
      <c:CRun Text="•" />
    </c:CTextBlock>
    <StackPanel Grid.Column="1" Grid.Row="0">
      <c:CTextBlock Classes="Paragraph">
        <c:CRun Text="Tab" />
      </c:CTextBlock>
      <Grid Classes="List">
        <c:CTextBlock Classes="ListMarker" Grid.Column="0" Grid.Row="0">
          <c:CRun Text="•" />
        </c:CTextBlock>
        <StackPanel Grid.Column="1" Grid.Row="0">
          <c:CTextBlock Classes="Paragraph">
            <c:CRun Text="Tab" />
          </c:CTextBlock>
          <Grid Classes="List">
            <c:CTextBlock Classes="ListMarker" Grid.Column="0" Grid.Row="0">
              <c:CRun Text="•" />
            </c:CTextBlock>
            <StackPanel Grid.Column="1" Grid.Row="0">
              <c:CTextBlock Classes="Paragraph">
                <c:CRun Text="Tab" />
              </c:CTextBlock>
            </StackPanel>
            <Grid.ColumnDefinitions>
              <ColumnDefinition />
              <ColumnDefinition />
            </Grid.ColumnDefinitions>
            <Grid.RowDefinitions>
              <RowDefinition />
            </Grid.RowDefinitions>
          </Grid>
        </StackPanel>
        <Grid.ColumnDefinitions>
          <ColumnDefinition />
          <ColumnDefinition />
        </Grid.ColumnDefinitions>
        <Grid.RowDefinitions>
          <RowDefinition />
        </Grid.RowDefinitions>
      </Grid>
    </StackPanel>
    <Grid.ColumnDefinitions>
      <ColumnDefinition />
      <ColumnDefinition />
    </Grid.ColumnDefinitions>
    <Grid.RowDefinitions>
      <RowDefinition />
    </Grid.RowDefinitions>
  </Grid>
  <c:CTextBlock Classes="Paragraph">
    <c:CRun Text="Here's another:" />
  </c:CTextBlock>
  <Grid Classes="List" xmlns="">
    <c:CTextBlock Classes="ListMarker" Grid.Column="0" Grid.Row="0">
      <c:CRun Text="1." />
    </c:CTextBlock>
    <StackPanel Grid.Column="1" Grid.Row="0">
      <c:CTextBlock Classes="Paragraph">
        <c:CRun Text="First" />
      </c:CTextBlock>
    </StackPanel>
    <c:CTextBlock Classes="ListMarker" Grid.Column="0" Grid.Row="1">
      <c:CRun Text="2." />
    </c:CTextBlock>
    <StackPanel Grid.Column="1" Grid.Row="1">
      <c:CTextBlock Classes="Paragraph">
        <c:CRun Text="Second:" />
      </c:CTextBlock>
      <Grid Classes="List">
        <c:CTextBlock Classes="ListMarker" Grid.Column="0" Grid.Row="0">
          <c:CRun Text="•" />
        </c:CTextBlock>
        <StackPanel Grid.Column="1" Grid.Row="0">
          <c:CTextBlock Classes="Paragraph">
            <c:CRun Text="Fee" />
          </c:CTextBlock>
        </StackPanel>
        <c:CTextBlock Classes="ListMarker" Grid.Column="0" Grid.Row="1">
          <c:CRun Text="•" />
        </c:CTextBlock>
        <StackPanel Grid.Column="1" Grid.Row="1">
          <c:CTextBlock Classes="Paragraph">
            <c:CRun Text="Fie" />
          </c:CTextBlock>
        </StackPanel>
        <c:CTextBlock Classes="ListMarker" Grid.Column="0" Grid.Row="2">
          <c:CRun Text="•" />
        </c:CTextBlock>
        <StackPanel Grid.Column="1" Grid.Row="2">
          <c:CTextBlock Classes="Paragraph">
            <c:CRun Text="Foe" />
          </c:CTextBlock>
        </StackPanel>
        <Grid.ColumnDefinitions>
          <ColumnDefinition />
          <ColumnDefinition />
        </Grid.ColumnDefinitions>
        <Grid.RowDefinitions>
          <RowDefinition />
          <RowDefinition />
          <RowDefinition />
        </Grid.RowDefinitions>
      </Grid>
    </StackPanel>
    <c:CTextBlock Classes="ListMarker" Grid.Column="0" Grid.Row="2">
      <c:CRun Text="3." />
    </c:CTextBlock>
    <StackPanel Grid.Column="1" Grid.Row="2">
      <c:CTextBlock Classes="Paragraph">
        <c:CRun Text="Third" />
      </c:CTextBlock>
    </StackPanel>
    <Grid.ColumnDefinitions>
      <ColumnDefinition />
      <ColumnDefinition />
    </Grid.ColumnDefinitions>
    <Grid.RowDefinitions>
      <RowDefinition />
      <RowDefinition />
      <RowDefinition />
    </Grid.RowDefinitions>
  </Grid>
  <c:CTextBlock Classes="Paragraph">
    <c:CRun Text="Same thing but with paragraphs:" />
  </c:CTextBlock>
  <Grid Classes="List" xmlns="">
    <c:CTextBlock Classes="ListMarker" Grid.Column="0" Grid.Row="0">
      <c:CRun Text="1." />
    </c:CTextBlock>
    <StackPanel Grid.Column="1" Grid.Row="0">
      <c:CTextBlock Classes="Paragraph">
        <c:CRun Text="First" />
      </c:CTextBlock>
    </StackPanel>
    <c:CTextBlock Classes="ListMarker" Grid.Column="0" Grid.Row="1">
      <c:CRun Text="2." />
    </c:CTextBlock>
    <StackPanel Grid.Column="1" Grid.Row="1">
      <c:CTextBlock Classes="Paragraph">
        <c:CRun Text="Second:" />
      </c:CTextBlock>
      <Grid Classes="List">
        <c:CTextBlock Classes="ListMarker" Grid.Column="0" Grid.Row="0">
          <c:CRun Text="•" />
        </c:CTextBlock>
        <StackPanel Grid.Column="1" Grid.Row="0">
          <c:CTextBlock Classes="Paragraph">
            <c:CRun Text="Fee" />
          </c:CTextBlock>
        </StackPanel>
        <c:CTextBlock Classes="ListMarker" Grid.Column="0" Grid.Row="1">
          <c:CRun Text="•" />
        </c:CTextBlock>
        <StackPanel Grid.Column="1" Grid.Row="1">
          <c:CTextBlock Classes="Paragraph">
            <c:CRun Text="Fie" />
          </c:CTextBlock>
        </StackPanel>
        <c:CTextBlock Classes="ListMarker" Grid.Column="0" Grid.Row="2">
          <c:CRun Text="•" />
        </c:CTextBlock>
        <StackPanel Grid.Column="1" Grid.Row="2">
          <c:CTextBlock Classes="Paragraph">
            <c:CRun Text="Foe" />
          </c:CTextBlock>
        </StackPanel>
        <Grid.ColumnDefinitions>
          <ColumnDefinition />
          <ColumnDefinition />
        </Grid.ColumnDefinitions>
        <Grid.RowDefinitions>
          <RowDefinition />
          <RowDefinition />
          <RowDefinition />
        </Grid.RowDefinitions>
      </Grid>
    </StackPanel>
    <c:CTextBlock Classes="ListMarker" Grid.Column="0" Grid.Row="2">
      <c:CRun Text="3." />
    </c:CTextBlock>
    <StackPanel Grid.Column="1" Grid.Row="2">
      <c:CTextBlock Classes="Paragraph">
        <c:CRun Text="Third" />
      </c:CTextBlock>
    </StackPanel>
    <Grid.ColumnDefinitions>
      <ColumnDefinition />
      <ColumnDefinition />
    </Grid.ColumnDefinitions>
    <Grid.RowDefinitions>
      <RowDefinition />
      <RowDefinition />
      <RowDefinition />
    </Grid.RowDefinitions>
  </Grid>
  <c:CTextBlock Classes="Paragraph">
    <c:CRun Text="This was an error in Markdown 1.0.1:" />
  </c:CTextBlock>
  <Grid Classes="List" xmlns="">
    <c:CTextBlock Classes="ListMarker" Grid.Column="0" Grid.Row="0">
      <c:CRun Text="•" />
    </c:CTextBlock>
    <StackPanel Grid.Column="1" Grid.Row="0">
      <c:CTextBlock Classes="Paragraph">
        <c:CRun Text="this" />
      </c:CTextBlock>
      <Grid Classes="List">
        <c:CTextBlock Classes="ListMarker" Grid.Column="0" Grid.Row="0">
          <c:CRun Text="•" />
        </c:CTextBlock>
        <StackPanel Grid.Column="1" Grid.Row="0">
          <c:CTextBlock Classes="Paragraph">
            <c:CRun Text="sub" />
          </c:CTextBlock>
          <c:CTextBlock Classes="Paragraph">
            <c:CRun Text="that" />
          </c:CTextBlock>
        </StackPanel>
        <Grid.ColumnDefinitions>
          <ColumnDefinition />
          <ColumnDefinition />
        </Grid.ColumnDefinitions>
        <Grid.RowDefinitions>
          <RowDefinition />
        </Grid.RowDefinitions>
      </Grid>
    </StackPanel>
    <Grid.ColumnDefinitions>
      <ColumnDefinition />
      <ColumnDefinition />
    </Grid.ColumnDefinitions>
    <Grid.RowDefinitions>
      <RowDefinition />
    </Grid.RowDefinitions>
  </Grid>
</StackPanel>
