<?xml version="1.0" encoding="utf-16"?>
<StackPanel xmlns:c="clr-namespace:ColorTextBlock.Avalonia;assembly=ColorTextBlock.Avalonia" xmlns:x="http://schemas.microsoft.com/winfx/2006/xaml" xmlns="https://github.com/avaloniaui">
  <c:CTextBlock Classes="Paragraph">
    <c:CRun Text="alphabet: " />
  </c:CTextBlock>
  <Grid Classes="List" xmlns="">
    <c:CTextBlock Classes="ListMarker" Grid.Column="0" Grid.Row="0">
      <c:CRun Text="a." />
    </c:CTextBlock>
    <StackPanel Grid.Column="1" Grid.Row="0">
      <c:CTextBlock Classes="Paragraph">
        <c:CRun Text="foobar" />
      </c:CTextBlock>
    </StackPanel>
    <c:CTextBlock Classes="ListMarker" Grid.Column="0" Grid.Row="1">
      <c:CRun Text="b." />
    </c:CTextBlock>
    <StackPanel Grid.Column="1" Grid.Row="1">
      <c:CTextBlock Classes="Paragraph">
        <c:CRun Text="foobar" />
      </c:CTextBlock>
    </StackPanel>
    <c:CTextBlock Classes="ListMarker" Grid.Column="0" Grid.Row="2">
      <c:CRun Text="c." />
    </c:CTextBlock>
    <StackPanel Grid.Column="1" Grid.Row="2">
      <c:CTextBlock Classes="Paragraph">
        <c:CRun Text="foobar" />
      </c:CTextBlock>
    </StackPanel>
    <c:CTextBlock Classes="ListMarker" Grid.Column="0" Grid.Row="3">
      <c:CRun Text="d." />
    </c:CTextBlock>
    <StackPanel Grid.Column="1" Grid.Row="3">
      <c:CTextBlock Classes="Paragraph">
        <c:CRun Text="foobar" />
      </c:CTextBlock>
    </StackPanel>
    <c:CTextBlock Classes="ListMarker" Grid.Column="0" Grid.Row="4">
      <c:CRun Text="e." />
    </c:CTextBlock>
    <StackPanel Grid.Column="1" Grid.Row="4">
      <c:CTextBlock Classes="Paragraph">
        <c:CRun Text="foobar" />
      </c:CTextBlock>
    </StackPanel>
    <c:CTextBlock Classes="ListMarker" Grid.Column="0" Grid.Row="5">
      <c:CRun Text="f." />
    </c:CTextBlock>
    <StackPanel Grid.Column="1" Grid.Row="5">
      <c:CTextBlock Classes="Paragraph">
        <c:CRun Text="foobar" />
      </c:CTextBlock>
    </StackPanel>
    <c:CTextBlock Classes="ListMarker" Grid.Column="0" Grid.Row="6">
      <c:CRun Text="g." />
    </c:CTextBlock>
    <StackPanel Grid.Column="1" Grid.Row="6">
      <c:CTextBlock Classes="Paragraph">
        <c:CRun Text="foobar" />
      </c:CTextBlock>
    </StackPanel>
    <c:CTextBlock Classes="ListMarker" Grid.Column="0" Grid.Row="7">
      <c:CRun Text="h." />
    </c:CTextBlock>
    <StackPanel Grid.Column="1" Grid.Row="7">
      <c:CTextBlock Classes="Paragraph">
        <c:CRun Text="foobar" />
      </c:CTextBlock>
    </StackPanel>
    <c:CTextBlock Classes="ListMarker" Grid.Column="0" Grid.Row="8">
      <c:CRun Text="i." />
    </c:CTextBlock>
    <StackPanel Grid.Column="1" Grid.Row="8">
      <c:CTextBlock Classes="Paragraph">
        <c:CRun Text="foobar" />
      </c:CTextBlock>
    </StackPanel>
    <c:CTextBlock Classes="ListMarker" Grid.Column="0" Grid.Row="9">
      <c:CRun Text="j." />
    </c:CTextBlock>
    <StackPanel Grid.Column="1" Grid.Row="9">
      <c:CTextBlock Classes="Paragraph">
        <c:CRun Text="foobar" />
      </c:CTextBlock>
    </StackPanel>
    <c:CTextBlock Classes="ListMarker" Grid.Column="0" Grid.Row="10">
      <c:CRun Text="k." />
    </c:CTextBlock>
    <StackPanel Grid.Column="1" Grid.Row="10">
      <c:CTextBlock Classes="Paragraph">
        <c:CRun Text="foobar" />
      </c:CTextBlock>
    </StackPanel>
    <c:CTextBlock Classes="ListMarker" Grid.Column="0" Grid.Row="11">
      <c:CRun Text="l." />
    </c:CTextBlock>
    <StackPanel Grid.Column="1" Grid.Row="11">
      <c:CTextBlock Classes="Paragraph">
        <c:CRun Text="foobar" />
      </c:CTextBlock>
    </StackPanel>
    <c:CTextBlock Classes="ListMarker" Grid.Column="0" Grid.Row="12">
      <c:CRun Text="m." />
    </c:CTextBlock>
    <StackPanel Grid.Column="1" Grid.Row="12">
      <c:CTextBlock Classes="Paragraph">
        <c:CRun Text="foobar" />
      </c:CTextBlock>
    </StackPanel>
    <c:CTextBlock Classes="ListMarker" Grid.Column="0" Grid.Row="13">
      <c:CRun Text="n." />
    </c:CTextBlock>
    <StackPanel Grid.Column="1" Grid.Row="13">
      <c:CTextBlock Classes="Paragraph">
        <c:CRun Text="foobar" />
      </c:CTextBlock>
    </StackPanel>
    <c:CTextBlock Classes="ListMarker" Grid.Column="0" Grid.Row="14">
      <c:CRun Text="o." />
    </c:CTextBlock>
    <StackPanel Grid.Column="1" Grid.Row="14">
      <c:CTextBlock Classes="Paragraph">
        <c:CRun Text="foobar" />
      </c:CTextBlock>
    </StackPanel>
    <c:CTextBlock Classes="ListMarker" Grid.Column="0" Grid.Row="15">
      <c:CRun Text="p." />
    </c:CTextBlock>
    <StackPanel Grid.Column="1" Grid.Row="15">
      <c:CTextBlock Classes="Paragraph">
        <c:CRun Text="foobar" />
      </c:CTextBlock>
    </StackPanel>
    <c:CTextBlock Classes="ListMarker" Grid.Column="0" Grid.Row="16">
      <c:CRun Text="q." />
    </c:CTextBlock>
    <StackPanel Grid.Column="1" Grid.Row="16">
      <c:CTextBlock Classes="Paragraph">
        <c:CRun Text="foobar" />
      </c:CTextBlock>
    </StackPanel>
    <c:CTextBlock Classes="ListMarker" Grid.Column="0" Grid.Row="17">
      <c:CRun Text="r." />
    </c:CTextBlock>
    <StackPanel Grid.Column="1" Grid.Row="17">
      <c:CTextBlock Classes="Paragraph">
        <c:CRun Text="foobar" />
      </c:CTextBlock>
    </StackPanel>
    <c:CTextBlock Classes="ListMarker" Grid.Column="0" Grid.Row="18">
      <c:CRun Text="s." />
    </c:CTextBlock>
    <StackPanel Grid.Column="1" Grid.Row="18">
      <c:CTextBlock Classes="Paragraph">
        <c:CRun Text="foobar" />
      </c:CTextBlock>
    </StackPanel>
    <c:CTextBlock Classes="ListMarker" Grid.Column="0" Grid.Row="19">
      <c:CRun Text="t." />
    </c:CTextBlock>
    <StackPanel Grid.Column="1" Grid.Row="19">
      <c:CTextBlock Classes="Paragraph">
        <c:CRun Text="foobar" />
      </c:CTextBlock>
    </StackPanel>
    <c:CTextBlock Classes="ListMarker" Grid.Column="0" Grid.Row="20">
      <c:CRun Text="u." />
    </c:CTextBlock>
    <StackPanel Grid.Column="1" Grid.Row="20">
      <c:CTextBlock Classes="Paragraph">
        <c:CRun Text="foobar" />
      </c:CTextBlock>
    </StackPanel>
    <c:CTextBlock Classes="ListMarker" Grid.Column="0" Grid.Row="21">
      <c:CRun Text="v." />
    </c:CTextBlock>
    <StackPanel Grid.Column="1" Grid.Row="21">
      <c:CTextBlock Classes="Paragraph">
        <c:CRun Text="foobar" />
      </c:CTextBlock>
    </StackPanel>
    <c:CTextBlock Classes="ListMarker" Grid.Column="0" Grid.Row="22">
      <c:CRun Text="w." />
    </c:CTextBlock>
    <StackPanel Grid.Column="1" Grid.Row="22">
      <c:CTextBlock Classes="Paragraph">
        <c:CRun Text="foobar" />
      </c:CTextBlock>
    </StackPanel>
    <c:CTextBlock Classes="ListMarker" Grid.Column="0" Grid.Row="23">
      <c:CRun Text="x." />
    </c:CTextBlock>
    <StackPanel Grid.Column="1" Grid.Row="23">
      <c:CTextBlock Classes="Paragraph">
        <c:CRun Text="foobar" />
      </c:CTextBlock>
    </StackPanel>
    <c:CTextBlock Classes="ListMarker" Grid.Column="0" Grid.Row="24">
      <c:CRun Text="y." />
    </c:CTextBlock>
    <StackPanel Grid.Column="1" Grid.Row="24">
      <c:CTextBlock Classes="Paragraph">
        <c:CRun Text="foobar" />
      </c:CTextBlock>
    </StackPanel>
    <c:CTextBlock Classes="ListMarker" Grid.Column="0" Grid.Row="25">
      <c:CRun Text="z." />
    </c:CTextBlock>
    <StackPanel Grid.Column="1" Grid.Row="25">
      <c:CTextBlock Classes="Paragraph">
        <c:CRun Text="foobar" />
      </c:CTextBlock>
    </StackPanel>
    <c:CTextBlock Classes="ListMarker" Grid.Column="0" Grid.Row="26">
      <c:CRun Text="aa." />
    </c:CTextBlock>
    <StackPanel Grid.Column="1" Grid.Row="26">
      <c:CTextBlock Classes="Paragraph">
        <c:CRun Text="foobar" />
      </c:CTextBlock>
    </StackPanel>
    <c:CTextBlock Classes="ListMarker" Grid.Column="0" Grid.Row="27">
      <c:CRun Text="ab." />
    </c:CTextBlock>
    <StackPanel Grid.Column="1" Grid.Row="27">
      <c:CTextBlock Classes="Paragraph">
        <c:CRun Text="foobar" />
      </c:CTextBlock>
    </StackPanel>
    <c:CTextBlock Classes="ListMarker" Grid.Column="0" Grid.Row="28">
      <c:CRun Text="ac." />
    </c:CTextBlock>
    <StackPanel Grid.Column="1" Grid.Row="28">
      <c:CTextBlock Classes="Paragraph">
        <c:CRun Text="foobar" />
      </c:CTextBlock>
    </StackPanel>
    <c:CTextBlock Classes="ListMarker" Grid.Column="0" Grid.Row="29">
      <c:CRun Text="ad." />
    </c:CTextBlock>
    <StackPanel Grid.Column="1" Grid.Row="29">
      <c:CTextBlock Classes="Paragraph">
        <c:CRun Text="foobar" />
      </c:CTextBlock>
    </StackPanel>
    <c:CTextBlock Classes="ListMarker" Grid.Column="0" Grid.Row="30">
      <c:CRun Text="ae." />
    </c:CTextBlock>
    <StackPanel Grid.Column="1" Grid.Row="30">
      <c:CTextBlock Classes="Paragraph">
        <c:CRun Text="foobar" />
      </c:CTextBlock>
    </StackPanel>
    <c:CTextBlock Classes="ListMarker" Grid.Column="0" Grid.Row="31">
      <c:CRun Text="af." />
    </c:CTextBlock>
    <StackPanel Grid.Column="1" Grid.Row="31">
      <c:CTextBlock Classes="Paragraph">
        <c:CRun Text="foobar" />
      </c:CTextBlock>
    </StackPanel>
    <c:CTextBlock Classes="ListMarker" Grid.Column="0" Grid.Row="32">
      <c:CRun Text="ag." />
    </c:CTextBlock>
    <StackPanel Grid.Column="1" Grid.Row="32">
      <c:CTextBlock Classes="Paragraph">
        <c:CRun Text="foobar" />
      </c:CTextBlock>
    </StackPanel>
    <c:CTextBlock Classes="ListMarker" Grid.Column="0" Grid.Row="33">
      <c:CRun Text="ah." />
    </c:CTextBlock>
    <StackPanel Grid.Column="1" Grid.Row="33">
      <c:CTextBlock Classes="Paragraph">
        <c:CRun Text="foobar" />
      </c:CTextBlock>
    </StackPanel>
    <c:CTextBlock Classes="ListMarker" Grid.Column="0" Grid.Row="34">
      <c:CRun Text="ai." />
    </c:CTextBlock>
    <StackPanel Grid.Column="1" Grid.Row="34">
      <c:CTextBlock Classes="Paragraph">
        <c:CRun Text="foobar" />
      </c:CTextBlock>
    </StackPanel>
    <c:CTextBlock Classes="ListMarker" Grid.Column="0" Grid.Row="35">
      <c:CRun Text="aj." />
    </c:CTextBlock>
    <StackPanel Grid.Column="1" Grid.Row="35">
      <c:CTextBlock Classes="Paragraph">
        <c:CRun Text="foobar" />
      </c:CTextBlock>
    </StackPanel>
    <c:CTextBlock Classes="ListMarker" Grid.Column="0" Grid.Row="36">
      <c:CRun Text="ak." />
    </c:CTextBlock>
    <StackPanel Grid.Column="1" Grid.Row="36">
      <c:CTextBlock Classes="Paragraph">
        <c:CRun Text="foobar" />
      </c:CTextBlock>
    </StackPanel>
    <c:CTextBlock Classes="ListMarker" Grid.Column="0" Grid.Row="37">
      <c:CRun Text="al." />
    </c:CTextBlock>
    <StackPanel Grid.Column="1" Grid.Row="37">
      <c:CTextBlock Classes="Paragraph">
        <c:CRun Text="foobar" />
      </c:CTextBlock>
    </StackPanel>
    <c:CTextBlock Classes="ListMarker" Grid.Column="0" Grid.Row="38">
      <c:CRun Text="am." />
    </c:CTextBlock>
    <StackPanel Grid.Column="1" Grid.Row="38">
      <c:CTextBlock Classes="Paragraph">
        <c:CRun Text="foobar" />
      </c:CTextBlock>
    </StackPanel>
    <c:CTextBlock Classes="ListMarker" Grid.Column="0" Grid.Row="39">
      <c:CRun Text="an." />
    </c:CTextBlock>
    <StackPanel Grid.Column="1" Grid.Row="39">
      <c:CTextBlock Classes="Paragraph">
        <c:CRun Text="foobar" />
      </c:CTextBlock>
    </StackPanel>
    <c:CTextBlock Classes="ListMarker" Grid.Column="0" Grid.Row="40">
      <c:CRun Text="ao." />
    </c:CTextBlock>
    <StackPanel Grid.Column="1" Grid.Row="40">
      <c:CTextBlock Classes="Paragraph">
        <c:CRun Text="foobar" />
      </c:CTextBlock>
    </StackPanel>
    <c:CTextBlock Classes="ListMarker" Grid.Column="0" Grid.Row="41">
      <c:CRun Text="ap." />
    </c:CTextBlock>
    <StackPanel Grid.Column="1" Grid.Row="41">
      <c:CTextBlock Classes="Paragraph">
        <c:CRun Text="foobar" />
      </c:CTextBlock>
    </StackPanel>
    <c:CTextBlock Classes="ListMarker" Grid.Column="0" Grid.Row="42">
      <c:CRun Text="aq." />
    </c:CTextBlock>
    <StackPanel Grid.Column="1" Grid.Row="42">
      <c:CTextBlock Classes="Paragraph">
        <c:CRun Text="foobar" />
      </c:CTextBlock>
    </StackPanel>
    <c:CTextBlock Classes="ListMarker" Grid.Column="0" Grid.Row="43">
      <c:CRun Text="ar." />
    </c:CTextBlock>
    <StackPanel Grid.Column="1" Grid.Row="43">
      <c:CTextBlock Classes="Paragraph">
        <c:CRun Text="foobar" />
      </c:CTextBlock>
    </StackPanel>
    <c:CTextBlock Classes="ListMarker" Grid.Column="0" Grid.Row="44">
      <c:CRun Text="as." />
    </c:CTextBlock>
    <StackPanel Grid.Column="1" Grid.Row="44">
      <c:CTextBlock Classes="Paragraph">
        <c:CRun Text="foobar" />
      </c:CTextBlock>
    </StackPanel>
    <c:CTextBlock Classes="ListMarker" Grid.Column="0" Grid.Row="45">
      <c:CRun Text="at." />
    </c:CTextBlock>
    <StackPanel Grid.Column="1" Grid.Row="45">
      <c:CTextBlock Classes="Paragraph">
        <c:CRun Text="foobar" />
      </c:CTextBlock>
    </StackPanel>
    <c:CTextBlock Classes="ListMarker" Grid.Column="0" Grid.Row="46">
      <c:CRun Text="au." />
    </c:CTextBlock>
    <StackPanel Grid.Column="1" Grid.Row="46">
      <c:CTextBlock Classes="Paragraph">
        <c:CRun Text="foobar" />
      </c:CTextBlock>
    </StackPanel>
    <c:CTextBlock Classes="ListMarker" Grid.Column="0" Grid.Row="47">
      <c:CRun Text="av." />
    </c:CTextBlock>
    <StackPanel Grid.Column="1" Grid.Row="47">
      <c:CTextBlock Classes="Paragraph">
        <c:CRun Text="foobar" />
      </c:CTextBlock>
    </StackPanel>
    <c:CTextBlock Classes="ListMarker" Grid.Column="0" Grid.Row="48">
      <c:CRun Text="aw." />
    </c:CTextBlock>
    <StackPanel Grid.Column="1" Grid.Row="48">
      <c:CTextBlock Classes="Paragraph">
        <c:CRun Text="foobar" />
      </c:CTextBlock>
    </StackPanel>
    <c:CTextBlock Classes="ListMarker" Grid.Column="0" Grid.Row="49">
      <c:CRun Text="ax." />
    </c:CTextBlock>
    <StackPanel Grid.Column="1" Grid.Row="49">
      <c:CTextBlock Classes="Paragraph">
        <c:CRun Text="foobar" />
      </c:CTextBlock>
    </StackPanel>
    <c:CTextBlock Classes="ListMarker" Grid.Column="0" Grid.Row="50">
      <c:CRun Text="ay." />
    </c:CTextBlock>
    <StackPanel Grid.Column="1" Grid.Row="50">
      <c:CTextBlock Classes="Paragraph">
        <c:CRun Text="foobar" />
      </c:CTextBlock>
    </StackPanel>
    <c:CTextBlock Classes="ListMarker" Grid.Column="0" Grid.Row="51">
      <c:CRun Text="az." />
    </c:CTextBlock>
    <StackPanel Grid.Column="1" Grid.Row="51">
      <c:CTextBlock Classes="Paragraph">
        <c:CRun Text="foobar" />
      </c:CTextBlock>
    </StackPanel>
    <c:CTextBlock Classes="ListMarker" Grid.Column="0" Grid.Row="52">
      <c:CRun Text="ba." />
    </c:CTextBlock>
    <StackPanel Grid.Column="1" Grid.Row="52">
      <c:CTextBlock Classes="Paragraph">
        <c:CRun Text="foobar" />
      </c:CTextBlock>
    </StackPanel>
    <Grid.ColumnDefinitions>
      <ColumnDefinition />
      <ColumnDefinition />
    </Grid.ColumnDefinitions>
    <Grid.RowDefinitions>
      <RowDefinition />
      <RowDefinition />
      <RowDefinition />
      <RowDefinition />
      <RowDefinition />
      <RowDefinition />
      <RowDefinition />
      <RowDefinition />
      <RowDefinition />
      <RowDefinition />
      <RowDefinition />
      <RowDefinition />
      <RowDefinition />
      <RowDefinition />
      <RowDefinition />
      <RowDefinition />
      <RowDefinition />
      <RowDefinition />
      <RowDefinition />
      <RowDefinition />
      <RowDefinition />
      <RowDefinition />
      <RowDefinition />
      <RowDefinition />
      <RowDefinition />
      <RowDefinition />
      <RowDefinition />
      <RowDefinition />
      <RowDefinition />
      <RowDefinition />
      <RowDefinition />
      <RowDefinition />
      <RowDefinition />
      <RowDefinition />
      <RowDefinition />
      <RowDefinition />
      <RowDefinition />
      <RowDefinition />
      <RowDefinition />
      <RowDefinition />
      <RowDefinition />
      <RowDefinition />
      <RowDefinition />
      <RowDefinition />
      <RowDefinition />
      <RowDefinition />
      <RowDefinition />
      <RowDefinition />
      <RowDefinition />
      <RowDefinition />
      <RowDefinition />
      <RowDefinition />
      <RowDefinition />
    </Grid.RowDefinitions>
  </Grid>
  <c:CTextBlock Classes="Paragraph">
    <c:CRun Text="roman: " />
  </c:CTextBlock>
  <Grid Classes="List" xmlns="">
    <c:CTextBlock Classes="ListMarker" Grid.Column="0" Grid.Row="0">
      <c:CRun Text="i." />
    </c:CTextBlock>
    <StackPanel Grid.Column="1" Grid.Row="0">
      <c:CTextBlock Classes="Paragraph">
        <c:CRun Text="hogefuga" />
      </c:CTextBlock>
    </StackPanel>
    <c:CTextBlock Classes="ListMarker" Grid.Column="0" Grid.Row="1">
      <c:CRun Text="ii." />
    </c:CTextBlock>
    <StackPanel Grid.Column="1" Grid.Row="1">
      <c:CTextBlock Classes="Paragraph">
        <c:CRun Text="hogefuga" />
      </c:CTextBlock>
    </StackPanel>
    <c:CTextBlock Classes="ListMarker" Grid.Column="0" Grid.Row="2">
      <c:CRun Text="iii." />
    </c:CTextBlock>
    <StackPanel Grid.Column="1" Grid.Row="2">
      <c:CTextBlock Classes="Paragraph">
        <c:CRun Text="hogefuga" />
      </c:CTextBlock>
    </StackPanel>
    <c:CTextBlock Classes="ListMarker" Grid.Column="0" Grid.Row="3">
      <c:CRun Text="iv." />
    </c:CTextBlock>
    <StackPanel Grid.Column="1" Grid.Row="3">
      <c:CTextBlock Classes="Paragraph">
        <c:CRun Text="hogefuga" />
      </c:CTextBlock>
    </StackPanel>
    <c:CTextBlock Classes="ListMarker" Grid.Column="0" Grid.Row="4">
      <c:CRun Text="v." />
    </c:CTextBlock>
    <StackPanel Grid.Column="1" Grid.Row="4">
      <c:CTextBlock Classes="Paragraph">
        <c:CRun Text="hogefuga" />
      </c:CTextBlock>
    </StackPanel>
    <c:CTextBlock Classes="ListMarker" Grid.Column="0" Grid.Row="5">
      <c:CRun Text="vi." />
    </c:CTextBlock>
    <StackPanel Grid.Column="1" Grid.Row="5">
      <c:CTextBlock Classes="Paragraph">
        <c:CRun Text="hogefuga" />
      </c:CTextBlock>
    </StackPanel>
    <c:CTextBlock Classes="ListMarker" Grid.Column="0" Grid.Row="6">
      <c:CRun Text="vii." />
    </c:CTextBlock>
    <StackPanel Grid.Column="1" Grid.Row="6">
      <c:CTextBlock Classes="Paragraph">
        <c:CRun Text="hogefuga" />
      </c:CTextBlock>
    </StackPanel>
    <c:CTextBlock Classes="ListMarker" Grid.Column="0" Grid.Row="7">
      <c:CRun Text="viii." />
    </c:CTextBlock>
    <StackPanel Grid.Column="1" Grid.Row="7">
      <c:CTextBlock Classes="Paragraph">
        <c:CRun Text="hogefuga" />
      </c:CTextBlock>
    </StackPanel>
    <c:CTextBlock Classes="ListMarker" Grid.Column="0" Grid.Row="8">
      <c:CRun Text="ix." />
    </c:CTextBlock>
    <StackPanel Grid.Column="1" Grid.Row="8">
      <c:CTextBlock Classes="Paragraph">
        <c:CRun Text="hogefuga" />
      </c:CTextBlock>
    </StackPanel>
    <c:CTextBlock Classes="ListMarker" Grid.Column="0" Grid.Row="9">
      <c:CRun Text="x." />
    </c:CTextBlock>
    <StackPanel Grid.Column="1" Grid.Row="9">
      <c:CTextBlock Classes="Paragraph">
        <c:CRun Text="hogefuga" />
      </c:CTextBlock>
    </StackPanel>
    <c:CTextBlock Classes="ListMarker" Grid.Column="0" Grid.Row="10">
      <c:CRun Text="xi." />
    </c:CTextBlock>
    <StackPanel Grid.Column="1" Grid.Row="10">
      <c:CTextBlock Classes="Paragraph">
        <c:CRun Text="hogefuga" />
      </c:CTextBlock>
    </StackPanel>
    <c:CTextBlock Classes="ListMarker" Grid.Column="0" Grid.Row="11">
      <c:CRun Text="xii." />
    </c:CTextBlock>
    <StackPanel Grid.Column="1" Grid.Row="11">
      <c:CTextBlock Classes="Paragraph">
        <c:CRun Text="hogefuga" />
      </c:CTextBlock>
    </StackPanel>
    <c:CTextBlock Classes="ListMarker" Grid.Column="0" Grid.Row="12">
      <c:CRun Text="xiii." />
    </c:CTextBlock>
    <StackPanel Grid.Column="1" Grid.Row="12">
      <c:CTextBlock Classes="Paragraph">
        <c:CRun Text="hogefuga" />
      </c:CTextBlock>
    </StackPanel>
    <c:CTextBlock Classes="ListMarker" Grid.Column="0" Grid.Row="13">
      <c:CRun Text="xiv." />
    </c:CTextBlock>
    <StackPanel Grid.Column="1" Grid.Row="13">
      <c:CTextBlock Classes="Paragraph">
        <c:CRun Text="hogefuga" />
      </c:CTextBlock>
    </StackPanel>
    <c:CTextBlock Classes="ListMarker" Grid.Column="0" Grid.Row="14">
      <c:CRun Text="xv." />
    </c:CTextBlock>
    <StackPanel Grid.Column="1" Grid.Row="14">
      <c:CTextBlock Classes="Paragraph">
        <c:CRun Text="hogefuga" />
      </c:CTextBlock>
    </StackPanel>
    <c:CTextBlock Classes="ListMarker" Grid.Column="0" Grid.Row="15">
      <c:CRun Text="xvi." />
    </c:CTextBlock>
    <StackPanel Grid.Column="1" Grid.Row="15">
      <c:CTextBlock Classes="Paragraph">
        <c:CRun Text="hogefuga" />
      </c:CTextBlock>
    </StackPanel>
    <c:CTextBlock Classes="ListMarker" Grid.Column="0" Grid.Row="16">
      <c:CRun Text="xvii." />
    </c:CTextBlock>
    <StackPanel Grid.Column="1" Grid.Row="16">
      <c:CTextBlock Classes="Paragraph">
        <c:CRun Text="hogefuga" />
      </c:CTextBlock>
    </StackPanel>
    <c:CTextBlock Classes="ListMarker" Grid.Column="0" Grid.Row="17">
      <c:CRun Text="xviii." />
    </c:CTextBlock>
    <StackPanel Grid.Column="1" Grid.Row="17">
      <c:CTextBlock Classes="Paragraph">
        <c:CRun Text="hogefuga" />
      </c:CTextBlock>
    </StackPanel>
    <c:CTextBlock Classes="ListMarker" Grid.Column="0" Grid.Row="18">
      <c:CRun Text="xix." />
    </c:CTextBlock>
    <StackPanel Grid.Column="1" Grid.Row="18">
      <c:CTextBlock Classes="Paragraph">
        <c:CRun Text="hogefuga" />
      </c:CTextBlock>
    </StackPanel>
    <c:CTextBlock Classes="ListMarker" Grid.Column="0" Grid.Row="19">
      <c:CRun Text="xx." />
    </c:CTextBlock>
    <StackPanel Grid.Column="1" Grid.Row="19">
      <c:CTextBlock Classes="Paragraph">
        <c:CRun Text="hogefuga" />
      </c:CTextBlock>
    </StackPanel>
    <c:CTextBlock Classes="ListMarker" Grid.Column="0" Grid.Row="20">
      <c:CRun Text="xxi." />
    </c:CTextBlock>
    <StackPanel Grid.Column="1" Grid.Row="20">
      <c:CTextBlock Classes="Paragraph">
        <c:CRun Text="hogefuga" />
      </c:CTextBlock>
    </StackPanel>
    <c:CTextBlock Classes="ListMarker" Grid.Column="0" Grid.Row="21">
      <c:CRun Text="xxii." />
    </c:CTextBlock>
    <StackPanel Grid.Column="1" Grid.Row="21">
      <c:CTextBlock Classes="Paragraph">
        <c:CRun Text="hogefuga" />
      </c:CTextBlock>
    </StackPanel>
    <c:CTextBlock Classes="ListMarker" Grid.Column="0" Grid.Row="22">
      <c:CRun Text="xxiii." />
    </c:CTextBlock>
    <StackPanel Grid.Column="1" Grid.Row="22">
      <c:CTextBlock Classes="Paragraph">
        <c:CRun Text="hogefuga" />
      </c:CTextBlock>
    </StackPanel>
    <c:CTextBlock Classes="ListMarker" Grid.Column="0" Grid.Row="23">
      <c:CRun Text="xxiv." />
    </c:CTextBlock>
    <StackPanel Grid.Column="1" Grid.Row="23">
      <c:CTextBlock Classes="Paragraph">
        <c:CRun Text="hogefuga" />
      </c:CTextBlock>
    </StackPanel>
    <c:CTextBlock Classes="ListMarker" Grid.Column="0" Grid.Row="24">
      <c:CRun Text="xxv." />
    </c:CTextBlock>
    <StackPanel Grid.Column="1" Grid.Row="24">
      <c:CTextBlock Classes="Paragraph">
        <c:CRun Text="hogefuga" />
      </c:CTextBlock>
    </StackPanel>
    <c:CTextBlock Classes="ListMarker" Grid.Column="0" Grid.Row="25">
      <c:CRun Text="xxvi." />
    </c:CTextBlock>
    <StackPanel Grid.Column="1" Grid.Row="25">
      <c:CTextBlock Classes="Paragraph">
        <c:CRun Text="hogefuga" />
      </c:CTextBlock>
    </StackPanel>
    <c:CTextBlock Classes="ListMarker" Grid.Column="0" Grid.Row="26">
      <c:CRun Text="xxvii." />
    </c:CTextBlock>
    <StackPanel Grid.Column="1" Grid.Row="26">
      <c:CTextBlock Classes="Paragraph">
        <c:CRun Text="hogefuga" />
      </c:CTextBlock>
    </StackPanel>
    <c:CTextBlock Classes="ListMarker" Grid.Column="0" Grid.Row="27">
      <c:CRun Text="xxviii." />
    </c:CTextBlock>
    <StackPanel Grid.Column="1" Grid.Row="27">
      <c:CTextBlock Classes="Paragraph">
        <c:CRun Text="hogefuga" />
      </c:CTextBlock>
    </StackPanel>
    <c:CTextBlock Classes="ListMarker" Grid.Column="0" Grid.Row="28">
      <c:CRun Text="xxix." />
    </c:CTextBlock>
    <StackPanel Grid.Column="1" Grid.Row="28">
      <c:CTextBlock Classes="Paragraph">
        <c:CRun Text="hogefuga" />
      </c:CTextBlock>
    </StackPanel>
    <c:CTextBlock Classes="ListMarker" Grid.Column="0" Grid.Row="29">
      <c:CRun Text="xxx." />
    </c:CTextBlock>
    <StackPanel Grid.Column="1" Grid.Row="29">
      <c:CTextBlock Classes="Paragraph">
        <c:CRun Text="hogefuga" />
      </c:CTextBlock>
    </StackPanel>
    <c:CTextBlock Classes="ListMarker" Grid.Column="0" Grid.Row="30">
      <c:CRun Text="xxxi." />
    </c:CTextBlock>
    <StackPanel Grid.Column="1" Grid.Row="30">
      <c:CTextBlock Classes="Paragraph">
        <c:CRun Text="hogefuga" />
      </c:CTextBlock>
    </StackPanel>
    <c:CTextBlock Classes="ListMarker" Grid.Column="0" Grid.Row="31">
      <c:CRun Text="xxxii." />
    </c:CTextBlock>
    <StackPanel Grid.Column="1" Grid.Row="31">
      <c:CTextBlock Classes="Paragraph">
        <c:CRun Text="hogefuga" />
      </c:CTextBlock>
    </StackPanel>
    <c:CTextBlock Classes="ListMarker" Grid.Column="0" Grid.Row="32">
      <c:CRun Text="xxxiii." />
    </c:CTextBlock>
    <StackPanel Grid.Column="1" Grid.Row="32">
      <c:CTextBlock Classes="Paragraph">
        <c:CRun Text="hogefuga" />
      </c:CTextBlock>
    </StackPanel>
    <c:CTextBlock Classes="ListMarker" Grid.Column="0" Grid.Row="33">
      <c:CRun Text="xxxiv." />
    </c:CTextBlock>
    <StackPanel Grid.Column="1" Grid.Row="33">
      <c:CTextBlock Classes="Paragraph">
        <c:CRun Text="hogefuga" />
      </c:CTextBlock>
    </StackPanel>
    <c:CTextBlock Classes="ListMarker" Grid.Column="0" Grid.Row="34">
      <c:CRun Text="xxxv." />
    </c:CTextBlock>
    <StackPanel Grid.Column="1" Grid.Row="34">
      <c:CTextBlock Classes="Paragraph">
        <c:CRun Text="hogefuga" />
      </c:CTextBlock>
    </StackPanel>
    <c:CTextBlock Classes="ListMarker" Grid.Column="0" Grid.Row="35">
      <c:CRun Text="xxxvi." />
    </c:CTextBlock>
    <StackPanel Grid.Column="1" Grid.Row="35">
      <c:CTextBlock Classes="Paragraph">
        <c:CRun Text="hogefuga" />
      </c:CTextBlock>
    </StackPanel>
    <c:CTextBlock Classes="ListMarker" Grid.Column="0" Grid.Row="36">
      <c:CRun Text="xxxvii." />
    </c:CTextBlock>
    <StackPanel Grid.Column="1" Grid.Row="36">
      <c:CTextBlock Classes="Paragraph">
        <c:CRun Text="hogefuga" />
      </c:CTextBlock>
    </StackPanel>
    <c:CTextBlock Classes="ListMarker" Grid.Column="0" Grid.Row="37">
      <c:CRun Text="xxxviii." />
    </c:CTextBlock>
    <StackPanel Grid.Column="1" Grid.Row="37">
      <c:CTextBlock Classes="Paragraph">
        <c:CRun Text="hogefuga" />
      </c:CTextBlock>
    </StackPanel>
    <c:CTextBlock Classes="ListMarker" Grid.Column="0" Grid.Row="38">
      <c:CRun Text="xxxix." />
    </c:CTextBlock>
    <StackPanel Grid.Column="1" Grid.Row="38">
      <c:CTextBlock Classes="Paragraph">
        <c:CRun Text="hogefuga" />
      </c:CTextBlock>
    </StackPanel>
    <c:CTextBlock Classes="ListMarker" Grid.Column="0" Grid.Row="39">
      <c:CRun Text="xl." />
    </c:CTextBlock>
    <StackPanel Grid.Column="1" Grid.Row="39">
      <c:CTextBlock Classes="Paragraph">
        <c:CRun Text="hogefuga" />
      </c:CTextBlock>
    </StackPanel>
    <c:CTextBlock Classes="ListMarker" Grid.Column="0" Grid.Row="40">
      <c:CRun Text="xli." />
    </c:CTextBlock>
    <StackPanel Grid.Column="1" Grid.Row="40">
      <c:CTextBlock Classes="Paragraph">
        <c:CRun Text="hogefuga" />
      </c:CTextBlock>
    </StackPanel>
    <c:CTextBlock Classes="ListMarker" Grid.Column="0" Grid.Row="41">
      <c:CRun Text="xlii." />
    </c:CTextBlock>
    <StackPanel Grid.Column="1" Grid.Row="41">
      <c:CTextBlock Classes="Paragraph">
        <c:CRun Text="hogefuga" />
      </c:CTextBlock>
    </StackPanel>
    <c:CTextBlock Classes="ListMarker" Grid.Column="0" Grid.Row="42">
      <c:CRun Text="xliii." />
    </c:CTextBlock>
    <StackPanel Grid.Column="1" Grid.Row="42">
      <c:CTextBlock Classes="Paragraph">
        <c:CRun Text="hogefuga" />
      </c:CTextBlock>
    </StackPanel>
    <c:CTextBlock Classes="ListMarker" Grid.Column="0" Grid.Row="43">
      <c:CRun Text="xliv." />
    </c:CTextBlock>
    <StackPanel Grid.Column="1" Grid.Row="43">
      <c:CTextBlock Classes="Paragraph">
        <c:CRun Text="hogefuga" />
      </c:CTextBlock>
    </StackPanel>
    <c:CTextBlock Classes="ListMarker" Grid.Column="0" Grid.Row="44">
      <c:CRun Text="xlv." />
    </c:CTextBlock>
    <StackPanel Grid.Column="1" Grid.Row="44">
      <c:CTextBlock Classes="Paragraph">
        <c:CRun Text="hogefuga" />
      </c:CTextBlock>
    </StackPanel>
    <c:CTextBlock Classes="ListMarker" Grid.Column="0" Grid.Row="45">
      <c:CRun Text="xlvi." />
    </c:CTextBlock>
    <StackPanel Grid.Column="1" Grid.Row="45">
      <c:CTextBlock Classes="Paragraph">
        <c:CRun Text="hogefuga" />
      </c:CTextBlock>
    </StackPanel>
    <c:CTextBlock Classes="ListMarker" Grid.Column="0" Grid.Row="46">
      <c:CRun Text="xlvii." />
    </c:CTextBlock>
    <StackPanel Grid.Column="1" Grid.Row="46">
      <c:CTextBlock Classes="Paragraph">
        <c:CRun Text="hogefuga" />
      </c:CTextBlock>
    </StackPanel>
    <c:CTextBlock Classes="ListMarker" Grid.Column="0" Grid.Row="47">
      <c:CRun Text="xlviii." />
    </c:CTextBlock>
    <StackPanel Grid.Column="1" Grid.Row="47">
      <c:CTextBlock Classes="Paragraph">
        <c:CRun Text="hogefuga" />
      </c:CTextBlock>
    </StackPanel>
    <c:CTextBlock Classes="ListMarker" Grid.Column="0" Grid.Row="48">
      <c:CRun Text="xlix." />
    </c:CTextBlock>
    <StackPanel Grid.Column="1" Grid.Row="48">
      <c:CTextBlock Classes="Paragraph">
        <c:CRun Text="hogefuga" />
      </c:CTextBlock>
    </StackPanel>
    <c:CTextBlock Classes="ListMarker" Grid.Column="0" Grid.Row="49">
      <c:CRun Text="l." />
    </c:CTextBlock>
    <StackPanel Grid.Column="1" Grid.Row="49">
      <c:CTextBlock Classes="Paragraph">
        <c:CRun Text="hogefuga" />
      </c:CTextBlock>
    </StackPanel>
    <c:CTextBlock Classes="ListMarker" Grid.Column="0" Grid.Row="50">
      <c:CRun Text="li." />
    </c:CTextBlock>
    <StackPanel Grid.Column="1" Grid.Row="50">
      <c:CTextBlock Classes="Paragraph">
        <c:CRun Text="hogefuga" />
      </c:CTextBlock>
    </StackPanel>
    <Grid.ColumnDefinitions>
      <ColumnDefinition />
      <ColumnDefinition />
    </Grid.ColumnDefinitions>
    <Grid.RowDefinitions>
      <RowDefinition />
      <RowDefinition />
      <RowDefinition />
      <RowDefinition />
      <RowDefinition />
      <RowDefinition />
      <RowDefinition />
      <RowDefinition />
      <RowDefinition />
      <RowDefinition />
      <RowDefinition />
      <RowDefinition />
      <RowDefinition />
      <RowDefinition />
      <RowDefinition />
      <RowDefinition />
      <RowDefinition />
      <RowDefinition />
      <RowDefinition />
      <RowDefinition />
      <RowDefinition />
      <RowDefinition />
      <RowDefinition />
      <RowDefinition />
      <RowDefinition />
      <RowDefinition />
      <RowDefinition />
      <RowDefinition />
      <RowDefinition />
      <RowDefinition />
      <RowDefinition />
      <RowDefinition />
      <RowDefinition />
      <RowDefinition />
      <RowDefinition />
      <RowDefinition />
      <RowDefinition />
      <RowDefinition />
      <RowDefinition />
      <RowDefinition />
      <RowDefinition />
      <RowDefinition />
      <RowDefinition />
      <RowDefinition />
      <RowDefinition />
      <RowDefinition />
      <RowDefinition />
      <RowDefinition />
      <RowDefinition />
      <RowDefinition />
      <RowDefinition />
    </Grid.RowDefinitions>
  </Grid>
</StackPanel>
